// Jest Snapshot v1, https://goo.gl/fbAQLP

exports[`Nav renders Nav component 1`] = `
Object {
  "asFragment": [Function],
  "baseElement": <body>
    <div>
      <nav
        class="nav-container"
      >
        <a
          class="nav-back"
          href="/"
        >
          <svg
            fill="currentColor"
            height="1em"
            stroke="currentColor"
            stroke-width="0"
            viewBox="0 0 24 24"
            width="1em"
            xmlns="http://www.w3.org/2000/svg"
          >
            <path
              d="M0 0h24v24H0z"
              fill="none"
            />
            <path
              d="M17.77 3.77L16 2 6 12l10 10 1.77-1.77L9.54 12z"
            />
          </svg>
        </a>
        <h2
          class="nav-logo"
        >
          World News
        </h2>
        <ul
          class="nav-ul"
        >
          <li
            class="nav-li"
          >
            <a
              class="nav-link"
              href="/"
            >
              <svg
                fill="currentColor"
                height="1em"
                stroke="currentColor"
                stroke-width="0"
                viewBox="0 0 512 512"
                width="1em"
                xmlns="http://www.w3.org/2000/svg"
              >
                <path
                  d="M41 66.91V415.8c86.5 1 147.5 14.8 206 29.3V141.4c-45.3-30.1-90.4-58.75-206-74.49zm430 0C355.4 82.65 310.3 111.3 265 141.4v303.7c58.5-14.5 119.5-28.3 206-29.3zm-20.9 26.6l.8 66.99c-59.4 17.6-114.5 37.9-168.9 56-.4-20.9-.7-41.7-1.1-62.6 52.8-29.2 111.2-48.1 169.2-60.39zM69.01 105.3C129.8 119.4 184.1 136 226.1 150.1l.2 19c-41.6-13.9-101.3-32.3-161.35-46.3zm.12 46.6l35.97 6.5-3.2 17.8-35.97-6.5zm54.17 11.3l32.5 6.2-3.4 17.6-32.5-6.2zm53.2 10.5l49.6 9.6-3.4 17.6-49.6-9.6zm263.1 19.9l5.2 17.2-56 16.9-5.2-17.2zm-377.68 4.7C119.2 205 176 212.2 223.8 225l-4.6 17.4c-46-12.4-102.2-19.6-159.38-26.3zM357.1 216l4.8 17.4-71.7 19.8-4.8-17.4zm86.4 21l4.8 17.4-32.8 9.1-4.8-17.4zm-378.3 1.6l49.9 5.2-2 18-49.8-5.4zm76.9 9.8l82.1 12.3-2.6 17.8-82.1-12.3zm248.5 3.7l4.8 17.4L288.5 299l-4.8-17.4zm55.8 22.9l4.6 17.4L348.5 319l-4.6-17.4zm-388.06 6.4c29.84 3.1 61.96 7.5 84.46 13v111L59.2 398c-.33-38.9-.48-77.7-.86-116.6zm104.56 14.7l61.5 7.5-2.2 17.8-61.5-7.5zm161.5 11.8l4.2 17.5-37.8 9.1-4.2-17.5zm129.1 4.1l.4 82.2-78.5 10.2c-.3-23.8-.4-47.7-.7-71.5zM164 334.4l59.8 9.8-3 17.8-59.8-9.8zm271.7 1l-42.8 11.3.3 37.3 42.7-5.6zm-81.4 9.8l3.4 17.6-68.9 13.1-3.4-17.6zm-191.1 29.1l62.6 12.4-3.4 17.6-62.6-12.4zm186.6 6.8l4 17.6-62.5 13.9-4-17.6z"
                />
              </svg>
            </a>
          </li>
          <li
            class="nav-li"
          >
            <a
              class="nav-link"
              href="/details"
            >
              <svg
                fill="currentColor"
                height="1em"
                stroke="currentColor"
                stroke-width="0"
                viewBox="0 0 512 512"
                width="1em"
                xmlns="http://www.w3.org/2000/svg"
              >
                <path
                  d="M262.29 192.31a64 64 0 1057.4 57.4 64.13 64.13 0 00-57.4-57.4zM416.39 256a154.34 154.34 0 01-1.53 20.79l45.21 35.46a10.81 10.81 0 012.45 13.75l-42.77 74a10.81 10.81 0 01-13.14 4.59l-44.9-18.08a16.11 16.11 0 00-15.17 1.75A164.48 164.48 0 01325 400.8a15.94 15.94 0 00-8.82 12.14l-6.73 47.89a11.08 11.08 0 01-10.68 9.17h-85.54a11.11 11.11 0 01-10.69-8.87l-6.72-47.82a16.07 16.07 0 00-9-12.22 155.3 155.3 0 01-21.46-12.57 16 16 0 00-15.11-1.71l-44.89 18.07a10.81 10.81 0 01-13.14-4.58l-42.77-74a10.8 10.8 0 012.45-13.75l38.21-30a16.05 16.05 0 006-14.08c-.36-4.17-.58-8.33-.58-12.5s.21-8.27.58-12.35a16 16 0 00-6.07-13.94l-38.19-30A10.81 10.81 0 0149.48 186l42.77-74a10.81 10.81 0 0113.14-4.59l44.9 18.08a16.11 16.11 0 0015.17-1.75A164.48 164.48 0 01187 111.2a15.94 15.94 0 008.82-12.14l6.73-47.89A11.08 11.08 0 01213.23 42h85.54a11.11 11.11 0 0110.69 8.87l6.72 47.82a16.07 16.07 0 009 12.22 155.3 155.3 0 0121.46 12.57 16 16 0 0015.11 1.71l44.89-18.07a10.81 10.81 0 0113.14 4.58l42.77 74a10.8 10.8 0 01-2.45 13.75l-38.21 30a16.05 16.05 0 00-6.05 14.08c.33 4.14.55 8.3.55 12.47z"
                  fill="none"
                  stroke-linecap="round"
                  stroke-linejoin="round"
                  stroke-width="32"
                />
              </svg>
            </a>
          </li>
        </ul>
      </nav>
    </div>
  </body>,
  "container": <div>
    <nav
      class="nav-container"
    >
      <a
        class="nav-back"
        href="/"
      >
        <svg
          fill="currentColor"
          height="1em"
          stroke="currentColor"
          stroke-width="0"
          viewBox="0 0 24 24"
          width="1em"
          xmlns="http://www.w3.org/2000/svg"
        >
          <path
            d="M0 0h24v24H0z"
            fill="none"
          />
          <path
            d="M17.77 3.77L16 2 6 12l10 10 1.77-1.77L9.54 12z"
          />
        </svg>
      </a>
      <h2
        class="nav-logo"
      >
        World News
      </h2>
      <ul
        class="nav-ul"
      >
        <li
          class="nav-li"
        >
          <a
            class="nav-link"
            href="/"
          >
            <svg
              fill="currentColor"
              height="1em"
              stroke="currentColor"
              stroke-width="0"
              viewBox="0 0 512 512"
              width="1em"
              xmlns="http://www.w3.org/2000/svg"
            >
              <path
                d="M41 66.91V415.8c86.5 1 147.5 14.8 206 29.3V141.4c-45.3-30.1-90.4-58.75-206-74.49zm430 0C355.4 82.65 310.3 111.3 265 141.4v303.7c58.5-14.5 119.5-28.3 206-29.3zm-20.9 26.6l.8 66.99c-59.4 17.6-114.5 37.9-168.9 56-.4-20.9-.7-41.7-1.1-62.6 52.8-29.2 111.2-48.1 169.2-60.39zM69.01 105.3C129.8 119.4 184.1 136 226.1 150.1l.2 19c-41.6-13.9-101.3-32.3-161.35-46.3zm.12 46.6l35.97 6.5-3.2 17.8-35.97-6.5zm54.17 11.3l32.5 6.2-3.4 17.6-32.5-6.2zm53.2 10.5l49.6 9.6-3.4 17.6-49.6-9.6zm263.1 19.9l5.2 17.2-56 16.9-5.2-17.2zm-377.68 4.7C119.2 205 176 212.2 223.8 225l-4.6 17.4c-46-12.4-102.2-19.6-159.38-26.3zM357.1 216l4.8 17.4-71.7 19.8-4.8-17.4zm86.4 21l4.8 17.4-32.8 9.1-4.8-17.4zm-378.3 1.6l49.9 5.2-2 18-49.8-5.4zm76.9 9.8l82.1 12.3-2.6 17.8-82.1-12.3zm248.5 3.7l4.8 17.4L288.5 299l-4.8-17.4zm55.8 22.9l4.6 17.4L348.5 319l-4.6-17.4zm-388.06 6.4c29.84 3.1 61.96 7.5 84.46 13v111L59.2 398c-.33-38.9-.48-77.7-.86-116.6zm104.56 14.7l61.5 7.5-2.2 17.8-61.5-7.5zm161.5 11.8l4.2 17.5-37.8 9.1-4.2-17.5zm129.1 4.1l.4 82.2-78.5 10.2c-.3-23.8-.4-47.7-.7-71.5zM164 334.4l59.8 9.8-3 17.8-59.8-9.8zm271.7 1l-42.8 11.3.3 37.3 42.7-5.6zm-81.4 9.8l3.4 17.6-68.9 13.1-3.4-17.6zm-191.1 29.1l62.6 12.4-3.4 17.6-62.6-12.4zm186.6 6.8l4 17.6-62.5 13.9-4-17.6z"
              />
            </svg>
          </a>
        </li>
        <li
          class="nav-li"
        >
          <a
            class="nav-link"
            href="/details"
          >
            <svg
              fill="currentColor"
              height="1em"
              stroke="currentColor"
              stroke-width="0"
              viewBox="0 0 512 512"
              width="1em"
              xmlns="http://www.w3.org/2000/svg"
            >
              <path
                d="M262.29 192.31a64 64 0 1057.4 57.4 64.13 64.13 0 00-57.4-57.4zM416.39 256a154.34 154.34 0 01-1.53 20.79l45.21 35.46a10.81 10.81 0 012.45 13.75l-42.77 74a10.81 10.81 0 01-13.14 4.59l-44.9-18.08a16.11 16.11 0 00-15.17 1.75A164.48 164.48 0 01325 400.8a15.94 15.94 0 00-8.82 12.14l-6.73 47.89a11.08 11.08 0 01-10.68 9.17h-85.54a11.11 11.11 0 01-10.69-8.87l-6.72-47.82a16.07 16.07 0 00-9-12.22 155.3 155.3 0 01-21.46-12.57 16 16 0 00-15.11-1.71l-44.89 18.07a10.81 10.81 0 01-13.14-4.58l-42.77-74a10.8 10.8 0 012.45-13.75l38.21-30a16.05 16.05 0 006-14.08c-.36-4.17-.58-8.33-.58-12.5s.21-8.27.58-12.35a16 16 0 00-6.07-13.94l-38.19-30A10.81 10.81 0 0149.48 186l42.77-74a10.81 10.81 0 0113.14-4.59l44.9 18.08a16.11 16.11 0 0015.17-1.75A164.48 164.48 0 01187 111.2a15.94 15.94 0 008.82-12.14l6.73-47.89A11.08 11.08 0 01213.23 42h85.54a11.11 11.11 0 0110.69 8.87l6.72 47.82a16.07 16.07 0 009 12.22 155.3 155.3 0 0121.46 12.57 16 16 0 0015.11 1.71l44.89-18.07a10.81 10.81 0 0113.14 4.58l42.77 74a10.8 10.8 0 01-2.45 13.75l-38.21 30a16.05 16.05 0 00-6.05 14.08c.33 4.14.55 8.3.55 12.47z"
                fill="none"
                stroke-linecap="round"
                stroke-linejoin="round"
                stroke-width="32"
              />
            </svg>
          </a>
        </li>
      </ul>
    </nav>
  </div>,
  "debug": [Function],
  "findAllByAltText": [Function],
  "findAllByDisplayValue": [Function],
  "findAllByLabelText": [Function],
  "findAllByPlaceholderText": [Function],
  "findAllByRole": [Function],
  "findAllByTestId": [Function],
  "findAllByText": [Function],
  "findAllByTitle": [Function],
  "findByAltText": [Function],
  "findByDisplayValue": [Function],
  "findByLabelText": [Function],
  "findByPlaceholderText": [Function],
  "findByRole": [Function],
  "findByTestId": [Function],
  "findByText": [Function],
  "findByTitle": [Function],
  "getAllByAltText": [Function],
  "getAllByDisplayValue": [Function],
  "getAllByLabelText": [Function],
  "getAllByPlaceholderText": [Function],
  "getAllByRole": [Function],
  "getAllByTestId": [Function],
  "getAllByText": [Function],
  "getAllByTitle": [Function],
  "getByAltText": [Function],
  "getByDisplayValue": [Function],
  "getByLabelText": [Function],
  "getByPlaceholderText": [Function],
  "getByRole": [Function],
  "getByTestId": [Function],
  "getByText": [Function],
  "getByTitle": [Function],
  "queryAllByAltText": [Function],
  "queryAllByDisplayValue": [Function],
  "queryAllByLabelText": [Function],
  "queryAllByPlaceholderText": [Function],
  "queryAllByRole": [Function],
  "queryAllByTestId": [Function],
  "queryAllByText": [Function],
  "queryAllByTitle": [Function],
  "queryByAltText": [Function],
  "queryByDisplayValue": [Function],
  "queryByLabelText": [Function],
  "queryByPlaceholderText": [Function],
  "queryByRole": [Function],
  "queryByTestId": [Function],
  "queryByText": [Function],
  "queryByTitle": [Function],
  "rerender": [Function],
  "unmount": [Function],
}
`;
